c:\gpp\code\assignments\gpp-ca2-k00218348-patrick morrissey\ca2 - modified zombie\ca2 - modified zombie\x64\debug\vc143.pdb
c:\gpp\code\assignments\gpp-ca2-k00218348-patrick morrissey\ca2 - modified zombie\ca2 - modified zombie\x64\debug\vc143.idb
c:\gpp\code\assignments\gpp-ca2-k00218348-patrick morrissey\ca2 - modified zombie\ca2 - modified zombie\x64\debug\zombiearena.obj
c:\gpp\code\assignments\gpp-ca2-k00218348-patrick morrissey\ca2 - modified zombie\ca2 - modified zombie\x64\debug\zombie.obj
c:\gpp\code\assignments\gpp-ca2-k00218348-patrick morrissey\ca2 - modified zombie\ca2 - modified zombie\x64\debug\textureholder.obj
c:\gpp\code\assignments\gpp-ca2-k00218348-patrick morrissey\ca2 - modified zombie\ca2 - modified zombie\x64\debug\statpickup.obj
c:\gpp\code\assignments\gpp-ca2-k00218348-patrick morrissey\ca2 - modified zombie\ca2 - modified zombie\x64\debug\ammopickup.obj
c:\gpp\code\assignments\gpp-ca2-k00218348-patrick morrissey\ca2 - modified zombie\ca2 - modified zombie\x64\debug\player.obj
c:\gpp\code\assignments\gpp-ca2-k00218348-patrick morrissey\ca2 - modified zombie\ca2 - modified zombie\x64\debug\pickup.obj
c:\gpp\code\assignments\gpp-ca2-k00218348-patrick morrissey\ca2 - modified zombie\ca2 - modified zombie\x64\debug\nukepickup.obj
c:\gpp\code\assignments\gpp-ca2-k00218348-patrick morrissey\ca2 - modified zombie\ca2 - modified zombie\x64\debug\healthpickup.obj
c:\gpp\code\assignments\gpp-ca2-k00218348-patrick morrissey\ca2 - modified zombie\ca2 - modified zombie\x64\debug\gameactor.obj
c:\gpp\code\assignments\gpp-ca2-k00218348-patrick morrissey\ca2 - modified zombie\ca2 - modified zombie\x64\debug\createhorde.obj
c:\gpp\code\assignments\gpp-ca2-k00218348-patrick morrissey\ca2 - modified zombie\ca2 - modified zombie\x64\debug\createbackground.obj
c:\gpp\code\assignments\gpp-ca2-k00218348-patrick morrissey\ca2 - modified zombie\ca2 - modified zombie\x64\debug\crawler.obj
c:\gpp\code\assignments\gpp-ca2-k00218348-patrick morrissey\ca2 - modified zombie\ca2 - modified zombie\x64\debug\chaser.obj
c:\gpp\code\assignments\gpp-ca2-k00218348-patrick morrissey\ca2 - modified zombie\ca2 - modified zombie\x64\debug\bullet.obj
c:\gpp\code\assignments\gpp-ca2-k00218348-patrick morrissey\ca2 - modified zombie\ca2 - modified zombie\x64\debug\bloater.obj
c:\gpp\code\assignments\gpp-ca2-k00218348-patrick morrissey\ca2 - modified zombie\ca2 - modified zombie\x64\debug\actionpickup.obj
c:\gpp\code\assignments\gpp-ca2-k00218348-patrick morrissey\ca2 - modified zombie\ca2 - modified zombie\x64\debug\gamemanager.obj
c:\gpp\code\assignments\gpp-ca2-k00218348-patrick morrissey\ca2 - modified zombie\ca2 - modified zombie\x64\debug\getgridtilemapposition.obj
c:\gpp\code\assignments\gpp-ca2-k00218348-patrick morrissey\ca2 - modified zombie\ca2 - modified zombie\x64\debug\getgridtiletype.obj
c:\gpp\code\assignments\gpp-ca2-k00218348-patrick morrissey\ca2 - modified zombie\x64\debug\ca2 - modified zombie.exe
c:\gpp\code\assignments\gpp-ca2-k00218348-patrick morrissey\ca2 - modified zombie\x64\debug\ca2 - modified zombie.pdb
c:\gpp\code\assignments\gpp-ca2-k00218348-patrick morrissey\ca2 - modified zombie\ca2 - modified zombie\x64\debug\ca2 - modified zombie.ilk
c:\gpp\code\assignments\gpp-ca2-k00218348-patrick morrissey\ca2 - modified zombie\ca2 - modified zombie\x64\debug\ca2 - mo.c09266d5.tlog\cl.command.1.tlog
c:\gpp\code\assignments\gpp-ca2-k00218348-patrick morrissey\ca2 - modified zombie\ca2 - modified zombie\x64\debug\ca2 - mo.c09266d5.tlog\cl.items.tlog
c:\gpp\code\assignments\gpp-ca2-k00218348-patrick morrissey\ca2 - modified zombie\ca2 - modified zombie\x64\debug\ca2 - mo.c09266d5.tlog\cl.read.1.tlog
c:\gpp\code\assignments\gpp-ca2-k00218348-patrick morrissey\ca2 - modified zombie\ca2 - modified zombie\x64\debug\ca2 - mo.c09266d5.tlog\cl.write.1.tlog
c:\gpp\code\assignments\gpp-ca2-k00218348-patrick morrissey\ca2 - modified zombie\ca2 - modified zombie\x64\debug\ca2 - mo.c09266d5.tlog\link.command.1.tlog
c:\gpp\code\assignments\gpp-ca2-k00218348-patrick morrissey\ca2 - modified zombie\ca2 - modified zombie\x64\debug\ca2 - mo.c09266d5.tlog\link.read.1.tlog
c:\gpp\code\assignments\gpp-ca2-k00218348-patrick morrissey\ca2 - modified zombie\ca2 - modified zombie\x64\debug\ca2 - mo.c09266d5.tlog\link.secondary.1.tlog
c:\gpp\code\assignments\gpp-ca2-k00218348-patrick morrissey\ca2 - modified zombie\ca2 - modified zombie\x64\debug\ca2 - mo.c09266d5.tlog\link.write.1.tlog
